#
# There is insufficient memory for the Java Runtime Environment to continue.
# Native memory allocation (mmap) failed to map 98566144 bytes. Error detail: G1 virtual space
# Possible reasons:
#   The system is out of physical RAM or swap space
#   This process is running with CompressedOops enabled, and the Java Heap may be blocking the growth of the native heap
# Possible solutions:
#   Reduce memory load on the system
#   Increase physical memory or swap space
#   Check if swap backing store is full
#   Decrease Java heap size (-Xmx/-Xms)
#   Decrease number of Java threads
#   Decrease Java thread stack sizes (-Xss)
#   Set larger code cache with -XX:ReservedCodeCacheSize=
#   JVM is running with Unscaled Compressed Oops mode in which the Java heap is
#     placed in the first 4GB address space. The Java Heap base address is the
#     maximum limit for the native heap growth. Please use -XX:HeapBaseMinAddress
#     to set the Java Heap base and to place the Java Heap above 4GB virtual address.
# This output file may be truncated or incomplete.
#
#  Out of Memory Error (os_windows.cpp:3830), pid=22080, tid=14800
#
# JRE version:  (17.0.14+1) (build )
# Java VM: OpenJDK 64-Bit Server VM (17.0.14+1-b1367.22, mixed mode, sharing, tiered, compressed oops, compressed class ptrs, g1 gc, windows-amd64)
# No core dump will be written. Minidumps are not enabled by default on client versions of Windows
#

---------------  S U M M A R Y ------------

Command Line: org.jetbrains.kotlin.cli.jvm.K2JVMCompiler @C:\Users\User\StudioProjects\Foroom\design_system\build\20261006_1189913074088249465.compiler.options

Host: AMD Ryzen 3 5300U with Radeon Graphics         , 8 cores, 5G,  Windows 11 , 64 bit Build 26100 (10.0.26100.8521)
Time: Tue Oct  6 18:14:11 2026 Georgian Standard Time elapsed time: 0.057210 seconds (0d 0h 0m 0s)

---------------  T H R E A D  ---------------

Current thread (0x0000022b5ffb8a50):  JavaThread "Unknown thread" [_thread_in_vm, id=14800, stack(0x000000fee6e00000,0x000000fee6f00000)]

Stack: [0x000000fee6e00000,0x000000fee6f00000]
Native frames: (J=compiled Java code, j=interpreted, Vv=VM code, C=native code)
V  [jvm.dll+0x68b969]  public: static bool __cdecl os::platform_print_native_stack(class outputStream * __ptr64,void const * __ptr64,char * __ptr64,int,unsigned char * __ptr64 & __ptr64)+0xd9
V  [jvm.dll+0x84572a]  private: static void __cdecl VMError::report(class outputStream * __ptr64,bool)+0xc6a
V  [jvm.dll+0x8473ae]  public: static void __cdecl VMError::report_and_die(int,char const * __ptr64,char const * __ptr64,char * __ptr64,class Thread * __ptr64,unsigned char * __ptr64,void * __ptr64,void * __ptr64,char const * __ptr64,int,unsigned __int64)+0x78e
V  [jvm.dll+0x847a13]  public: static void __cdecl VMError::report_and_die(class Thread * __ptr64,char const * __ptr64,int,unsigned __int64,enum VMErrorType,char const * __ptr64,char * __ptr64)+0x43
V  [jvm.dll+0x24a83f]  void __cdecl report_vm_out_of_memory(char const * __ptr64,int,unsigned __int64,enum VMErrorType,char const * __ptr64,...)+0x8f
V  [jvm.dll+0x688629]  private: static void __cdecl os::pd_commit_memory_or_exit(char * __ptr64,unsigned __int64,unsigned __int64,bool,char const * __ptr64)+0xc9
V  [jvm.dll+0x67cf3a]  public: static void __cdecl os::commit_memory_or_exit(char * __ptr64,unsigned __int64,unsigned __int64,bool,char const * __ptr64)+0x2a
V  [jvm.dll+0x30b83b]  public: bool __cdecl G1PageBasedVirtualSpace::commit(unsigned __int64,unsigned __int64) __ptr64+0x19b
V  [jvm.dll+0x312d26]  public: virtual void __cdecl G1RegionsLargerThanCommitSizeMapper::commit_regions(unsigned int,unsigned __int64,class WorkGang * __ptr64) __ptr64+0x96
V  [jvm.dll+0x3630fe]  private: unsigned int __cdecl HeapRegionManager::expand_any(unsigned int,class WorkGang * __ptr64) __ptr64+0xee
V  [jvm.dll+0x36333f]  public: unsigned int __cdecl HeapRegionManager::expand_by(unsigned int,class WorkGang * __ptr64) __ptr64+0x7f
V  [jvm.dll+0x2e18cc]  public: bool __cdecl G1CollectedHeap::expand(unsigned __int64,class WorkGang * __ptr64,double * __ptr64) __ptr64+0xbc
V  [jvm.dll+0x2e2824]  public: virtual long __cdecl G1CollectedHeap::initialize(void) __ptr64+0x664
V  [jvm.dll+0x815ffb]  long __cdecl universe_init(void)+0xbb
V  [jvm.dll+0x370e88]  long __cdecl init_globals(void)+0x48
V  [jvm.dll+0x7f4875]  public: static long __cdecl Threads::create_vm(struct JavaVMInitArgs * __ptr64,bool * __ptr64)+0x5e5
V  [jvm.dll+0x3f54ef]  protected: __cdecl JNI_ArgumentPusher::JNI_ArgumentPusher(class Method * __ptr64) __ptr64+0x19f
V  [jvm.dll+0x3f70c1]
C  [jli.dll+0x52ab]  JavaMain+0x113  (java.c:413)
C  [ucrtbase.dll+0x2cd30]
C  [KERNEL32.DLL+0x2e957]
C  [ntdll.dll+0x87c1c]


---------------  P R O C E S S  ---------------

Threads class SMR info:
_java_thread_list=0x00007ffc64549018, length=0, elements={
}

Java Threads: ( => current thread )

Other Threads:
  0x0000022b60005fa0 GCTaskThread "GC Thread#0" [stack: 0x000000fee6f00000,0x000000fee7000000] [id=30740]
  0x0000022b60012ab0 ConcurrentGCThread "G1 Main Marker" [stack: 0x000000fee7000000,0x000000fee7100000] [id=15716]
  0x0000022b60013570 ConcurrentGCThread "G1 Conc#0" [stack: 0x000000fee7100000,0x000000fee7200000] [id=22032]

[error occurred during error reporting (printing all threads), id 0xc0000005, EXCEPTION_ACCESS_VIOLATION (0xc0000005) at pc=0x00007ffc63cf2197]

VM state: not at safepoint (not fully initialized)

VM Mutex/Monitor currently owned by a thread:  ([mutex/lock_event])
[0x0000022b5ffb2b50] Heap_lock - owner thread: 0x0000022b5ffb8a50

Heap address: 0x00000000a2200000, size: 1502 MB, Compressed Oops mode: 32-bit

CDS archive(s) mapped at: [0x0000000000000000-0x0000000000000000-0x0000000000000000), size 0, SharedBaseAddress: 0x0000000800000000, ArchiveRelocationMode: 1.
Narrow klass base: 0x0000000000000000, Narrow klass shift: 0, Narrow klass range: 0x0

GC Precious Log:
<Empty>

Heap:
 garbage-first heap   total 0K, used 0K [0x00000000a2200000, 0x0000000100000000)
  region size 1024K, 0 young (0K), 0 survivors (0K)
 Metaspace       used 0K, committed 0K, reserved 0K
  class space    used 0K, committed 0K, reserved 0K

Heap Regions: E=young(eden), S=young(survivor), O=old, HS=humongous(starts), HC=humongous(continues), CS=collection set, F=free, OA=open archive, CA=closed archive, TAMS=top-at-mark-start (previous, next)

Card table byte_map: [0x0000022b72dc0000,0x0000022b730b0000] _byte_map_base: 0x0000022b728af000

Marking Bits (Prev, Next): (CMBitMap*) 0x0000022b600065c0, (CMBitMap*) 0x0000022b60006600
 Prev Bits: [0x0000022b733a0000, 0x0000022b74b18000)
 Next Bits: [0x0000022b74b20000, 0x0000022b76298000)

GC Heap History (0 events):
No events

Dll operation events (1 events):
Event: 0.038 Loaded shared library C:\Users\User\.jdks\jbr-17.0.14\bin\java.dll

Deoptimization events (0 events):
No events

Classes loaded (0 events):
No events

Classes unloaded (0 events):
No events

Classes redefined (0 events):
No events

Internal exceptions (0 events):
No events

VM Operations (0 events):
No events

Memory protections (0 events):
No events

Nmethod flushes (0 events):
No events

Events (0 events):
No events


Dynamic libraries:
0x00007ff6301d0000 - 0x00007ff6301da000 	C:\Users\User\.jdks\jbr-17.0.14\bin\java.exe
0x00007ffd5fd80000 - 0x00007ffd5ffe6000 	C:\WINDOWS\SYSTEM32\ntdll.dll
0x00007ffd5ea50000 - 0x00007ffd5eb19000 	C:\WINDOWS\System32\KERNEL32.DLL
0x00007ffd5d360000 - 0x00007ffd5d75a000 	C:\WINDOWS\System32\KERNELBASE.dll
0x00007ffd5d010000 - 0x00007ffd5d15c000 	C:\WINDOWS\System32\ucrtbase.dll
0x00007ffd46520000 - 0x00007ffd46537000 	C:\Users\User\.jdks\jbr-17.0.14\bin\jli.dll
0x00007ffd5fb70000 - 0x00007ffd5fd37000 	C:\WINDOWS\System32\USER32.dll
0x00007ffd5d760000 - 0x00007ffd5d787000 	C:\WINDOWS\System32\win32u.dll
0x00007ffd46540000 - 0x00007ffd4655b000 	C:\Users\User\.jdks\jbr-17.0.14\bin\VCRUNTIME140.dll
0x00007ffd5ec90000 - 0x00007ffd5ecbb000 	C:\WINDOWS\System32\GDI32.dll
0x00007ffd5d9c0000 - 0x00007ffd5daeb000 	C:\WINDOWS\System32\gdi32full.dll
0x00007ffd5d910000 - 0x00007ffd5d9b3000 	C:\WINDOWS\System32\msvcp_win.dll
0x00007ffd4af40000 - 0x00007ffd4b1d2000 	C:\WINDOWS\WinSxS\amd64_microsoft.windows.common-controls_6595b64144ccf1df_6.0.26100.8521_none_3e08b75ce33403b3\COMCTL32.dll
0x00007ffd5f6d0000 - 0x00007ffd5f779000 	C:\WINDOWS\System32\msvcrt.dll
0x00007ffd5f520000 - 0x00007ffd5f552000 	C:\WINDOWS\System32\IMM32.DLL
0x00000000589b0000 - 0x00000000589bd000 	C:\Program Files (x86)\360\Total Security\safemon\SafeWrapper.dll
0x00007ffd5e6a0000 - 0x00007ffd5e756000 	C:\WINDOWS\System32\ADVAPI32.dll
0x00007ffd5ed30000 - 0x00007ffd5edda000 	C:\WINDOWS\System32\sechost.dll
0x00007ffd5e900000 - 0x00007ffd5ea18000 	C:\WINDOWS\System32\RPCRT4.dll
0x00007ffd5a9e0000 - 0x00007ffd5aae5000 	C:\Program Files (x86)\360\Total Security\safemon\libzdtp64.dll
0x00007ffd5db70000 - 0x00007ffd5e2f4000 	C:\WINDOWS\System32\SHELL32.dll
0x00007ffd5ecc0000 - 0x00007ffd5ed27000 	C:\WINDOWS\System32\SHLWAPI.dll
0x00007ffd5caf0000 - 0x00007ffd5cafb000 	C:\WINDOWS\SYSTEM32\VERSION.dll
0x00007ffd57850000 - 0x00007ffd5785c000 	C:\Users\User\.jdks\jbr-17.0.14\bin\vcruntime140_1.dll
0x00007ffd451b0000 - 0x00007ffd4523d000 	C:\Users\User\.jdks\jbr-17.0.14\bin\msvcp140.dll
0x00007ffc63a00000 - 0x00007ffc6468e000 	C:\Users\User\.jdks\jbr-17.0.14\bin\server\jvm.dll
0x00007ffd5f780000 - 0x00007ffd5f800000 	C:\WINDOWS\System32\WS2_32.dll
0x00007ffd5ce90000 - 0x00007ffd5ceee000 	C:\WINDOWS\SYSTEM32\POWRPROF.dll
0x00007ffd55d90000 - 0x00007ffd55dc6000 	C:\WINDOWS\SYSTEM32\WINMM.dll
0x00007ffd5ce70000 - 0x00007ffd5ce84000 	C:\WINDOWS\SYSTEM32\UMPDC.dll
0x00007ffd5bcc0000 - 0x00007ffd5bcdb000 	C:\WINDOWS\SYSTEM32\kernel.appcore.dll
0x00007ffd4b830000 - 0x00007ffd4b83a000 	C:\Users\User\.jdks\jbr-17.0.14\bin\jimage.dll
0x00007ffd5a770000 - 0x00007ffd5a9b2000 	C:\WINDOWS\SYSTEM32\DBGHELP.DLL
0x00007ffd5e310000 - 0x00007ffd5e693000 	C:\WINDOWS\System32\combase.dll
0x00007ffd5f3b0000 - 0x00007ffd5f489000 	C:\WINDOWS\System32\OLEAUT32.dll
0x00007ffd478b0000 - 0x00007ffd478eb000 	C:\WINDOWS\SYSTEM32\dbgcore.DLL
0x00007ffd5d2b0000 - 0x00007ffd5d358000 	C:\WINDOWS\System32\bcryptPrimitives.dll
0x00007ffd464e0000 - 0x00007ffd46505000 	C:\Users\User\.jdks\jbr-17.0.14\bin\java.dll

dbghelp: loaded successfully - version: 4.0.5 - missing functions: none
symbol engine: initialized successfully - sym options: 0x614 - pdb path: .;C:\Users\User\.jdks\jbr-17.0.14\bin;C:\WINDOWS\SYSTEM32;C:\WINDOWS\WinSxS\amd64_microsoft.windows.common-controls_6595b64144ccf1df_6.0.26100.8521_none_3e08b75ce33403b3;C:\Program Files (x86)\360\Total Security\safemon;C:\Users\User\.jdks\jbr-17.0.14\bin\server

VM Arguments:
java_command: org.jetbrains.kotlin.cli.jvm.K2JVMCompiler @C:\Users\User\StudioProjects\Foroom\design_system\build\20261006_1189913074088249465.compiler.options
java_class_path (initial): C:\Users\User\.gradle\caches\modules-2\files-2.1\org.jetbrains.kotlin\kotlin-compiler-embeddable\2.0.0\1de310de3446414381282ffc46c3ed3919a4d1da\kotlin-compiler-embeddable-2.0.0.jar;C:\Users\User\.gradle\caches\modules-2\files-2.1\org.jetbrains.kotlin\kotlin-stdlib\2.0.0\b48df2c4aede9586cc931ead433bc02d6fd7879e\kotlin-stdlib-2.0.0.jar;C:\Users\User\.gradle\caches\modules-2\files-2.1\org.jetbrains.kotlin\kotlin-script-runtime\2.0.0\fdc27dd047d592fa41d2dfa21e7621287a361612\kotlin-script-runtime-2.0.0.jar;C:\Users\User\.gradle\caches\modules-2\files-2.1\org.jetbrains.kotlin\kotlin-reflect\1.6.10\1cbe9c92c12a94eea200d23c2bbaedaf3daf5132\kotlin-reflect-1.6.10.jar;C:\Users\User\.gradle\caches\modules-2\files-2.1\org.jetbrains.kotlin\kotlin-daemon-embeddable\2.0.0\b39c612768614c4428c96ee9c65477181fffe9d\kotlin-daemon-embeddable-2.0.0.jar;C:\Users\User\.gradle\caches\modules-2\files-2.1\org.jetbrains.intellij.deps\trove4j\1.0.20200330\3afb14d5f9ceb459d724e907a21145e8ff394f02\trove4j-1.0.20200330.jar;C:\Users\User\.gradle\caches\modules-2\files-2.1\org.jetbrains\annotations\13.0\919f0dfe192fb4e063e7dacadee7f8bb9a2672a9\annotations-13.0.jar
Launcher Type: SUN_STANDARD

[Global flags]
     intx CICompilerCount                          = 4                                         {product} {ergonomic}
     uint ConcGCThreads                            = 2                                         {product} {ergonomic}
     uint G1ConcRefinementThreads                  = 8                                         {product} {ergonomic}
   size_t G1HeapRegionSize                         = 1048576                                   {product} {ergonomic}
    uintx GCDrainStackTargetSize                   = 64                                        {product} {ergonomic}
   size_t InitialHeapSize                          = 98566144                                  {product} {ergonomic}
   size_t MarkStackSize                            = 4194304                                   {product} {ergonomic}
   size_t MaxHeapSize                              = 1574961152                                {product} {ergonomic}
   size_t MinHeapDeltaBytes                        = 1048576                                   {product} {ergonomic}
   size_t MinHeapSize                              = 8388608                                   {product} {ergonomic}
    uintx NonNMethodCodeHeapSize                   = 5839372                                {pd product} {ergonomic}
    uintx NonProfiledCodeHeapSize                  = 122909434                              {pd product} {ergonomic}
    uintx ProfiledCodeHeapSize                     = 122909434                              {pd product} {ergonomic}
    uintx ReservedCodeCacheSize                    = 251658240                              {pd product} {ergonomic}
     bool SegmentedCodeCache                       = true                                      {product} {ergonomic}
   size_t SoftMaxHeapSize                          = 1574961152                             {manageable} {ergonomic}
     bool UseCompressedClassPointers               = true                           {product lp64_product} {ergonomic}
     bool UseCompressedOops                        = true                           {product lp64_product} {ergonomic}
     bool UseG1GC                                  = true                                      {product} {ergonomic}
     bool UseLargePagesIndividualAllocation        = false                                  {pd product} {ergonomic}

Logging:
Log output configuration:
 #0: stdout all=warning uptime,level,tags
 #1: stderr all=off uptime,level,tags

Environment Variables:
JAVA_HOME=D:\Android_SDK\OpenJDK17U-jdk_x64_windows_hotspot_17.0.20.1_1\jdk-17
PATH=C:\Program Files\Eclipse Adoptium\jdk-17.0.20.101-hotspot\bin;C:\WINDOWS\system32;C:\WINDOWS;C:\WINDOWS\System32\Wbem;C:\WINDOWS\System32\WindowsPowerShell\v1.0\;C:\WINDOWS\System32\OpenSSH\;C:\Program Files\Git\cmd;C:\Program Files\nodejs\;C:\Program Files (x86)\Microsoft SQL Server\160\Tools\Binn\;C:\Program Files\Microsoft SQL Server\160\Tools\Binn\;C:\Program Files\Microsoft SQL Server\Client SDK\ODBC\170\Tools\Binn\;C:\Program Files\Microsoft SQL Server\160\DTS\Binn\;C:\Users\User\AppData\Local\Microsoft\WindowsApps;%IntelliJ IDEA%;search-ms:displayname=Search%20Results%20in%20lib&crumb=location:C%3A%5CUsers%5CUser%5COneDrive%5CDesktop%5CIntelliJ%20IDEA%202025.3.2%5Cplugins%5Cmaven%5Clib\bin;C:\Program Files\JetBrains\IntelliJ IDEA 2025.3.2\bin;D:\apache-maven-3.9.12-bin\apache-maven-3.9.12\bin;C:\Program Files\JetBrains\IntelliJ IDEA Community Edition 2025.2.6.1\community edition version\IntelliJ IDEA Community Edition 2025.2.6.1\bin;D:\Microsoft VS Code\bin;C:\Users\User\AppData\Roaming\npm;C:\Program Files\JetBrains\DataGrip 2026.2.4\bin;D:\Dnpm_global;
USERNAME=User
OS=Windows_NT
PROCESSOR_IDENTIFIER=AMD64 Family 23 Model 104 Stepping 1, AuthenticAMD
TMP=D:\Temp
TEMP=D:\Temp



Periodic native trim disabled

JNI global refs:
JNI global refs: 0, weak refs: 0

JNI global refs memory usage: 0, weak refs: 0

Process memory usage:
Resident Set Size: 32652K (0% of 6150136K total physical memory with 168812K free physical memory)

OOME stack traces (most recent first):
Classloader memory used:


---------------  S Y S T E M  ---------------

OS:
 Windows 11 , 64 bit Build 26100 (10.0.26100.8521)
OS uptime: 3 days 16:47 hours
Hyper-V role detected

CPU: total 8 (initial active 8) (8 cores per cpu, 2 threads per core) family 23 model 104 stepping 1 microcode 0x8608103, cx8, cmov, fxsr, ht, mmx, 3dnowpref, sse, sse2, sse3, ssse3, sse4a, sse4.1, sse4.2, popcnt, lzcnt, tsc, tscinvbit, avx, avx2, aes, clmul, bmi1, bmi2, adx, sha, fma, vzeroupper, clflush, clflushopt, hv
Processor Information for all 8 processors :
  Max Mhz: 2600, Current Mhz: 2600, Mhz Limit: 2600

Memory: 4k page, system-wide physical 6005M (160M free)
TotalPageFile size 18962M (AvailPageFile size 0M)
current process WorkingSet (physical memory assigned to process): 31M, peak: 31M
current process commit charge ("private bytes"): 78M, peak: 154M

vm_info: OpenJDK 64-Bit Server VM (17.0.14+1-b1367.22) for windows-amd64 JRE (17.0.14+1-b1367.22), built on 2025-01-30 by "builduser" with MS VC++ 16.10 / 16.11 (VS2019)

END.
